../Drivers/STM32WBxx_HAL_Driver/Inc/stm32wbxx_ll_bus.h:539:22:LL_AHB2_GRP1_EnableClock	24	static
../Core/Src/main.c:96:1:__io_putchar	16	static
../Core/Src/main.c:132:5:main	208	static
../Core/Src/main.c:319:6:SystemClock_Config	112	static
../Core/Src/main.c:365:6:PeriphCommonClock_Config	88	static
../Core/Src/main.c:389:13:MX_I2C1_Init	8	static
../Core/Src/main.c:437:13:MX_LPUART1_UART_Init	8	static
../Core/Src/main.c:485:13:MX_USART1_UART_Init	8	static
../Core/Src/main.c:533:13:MX_GPIO_Init	32	static
../Core/Src/main.c:574:6:MCP23008_Init	24	static
../Core/Src/main.c:584:18:MCP23008_ReadInputs	40	static
../Core/Src/main.c:611:18:MCP23008_ReadCapturedINT	32	static
../Core/Src/main.c:637:6:MCP23008_ConfigureInterrupts	24	static
../Core/Src/main.c:674:6:HAL_GPIO_EXTI_IRQHandler	32	static
../Core/Src/main.c:698:13:ReadSmokeStatus	40	static
../Core/Src/main.c:724:6:HAL_UART_RxCpltCallback	24	static
../Core/Src/main.c:848:6:WDTReset	8	static
../Core/Src/main.c:854:6:scanI2CDevices	16	static
../Core/Src/main.c:867:6:printLineMarker	24	static
../Core/Src/main.c:875:9:dataToByteArray	32	static
../Core/Src/main.c:912:6:generatePayload	32	static
../Core/Src/main.c:933:6:generateUnscheduledTxPayload	40	static
../Core/Src/main.c:958:6:generateHeartbeatTxPayload	56	static
../Core/Src/main.c:985:6:handleInterruptTriggers	152	static
../Core/Src/main.c:1038:6:setLoraCredentials	8	static
../Core/Src/main.c:1066:6:joinNetwork	8	static
../Core/Src/main.c:1073:7:buildATCommand	32	static
../Core/Src/main.c:1103:6:sendToLora	56	static
../Core/Src/main.c:1152:6:sendATCommand	32	static
../Core/Src/main.c:1173:6:readSHT40	24	static
../Core/Src/main.c:1191:6:Error_Handler	4	static,ignoring_inline_asm
