../Drivers/STM32WBxx_HAL_Driver/Inc/stm32wbxx_ll_bus.h:539:22:LL_AHB2_GRP1_EnableClock	24	static
../Core/Src/main.c:110:1:__io_putchar	16	static
../Core/Src/main.c:285:5:main	280	static
../Core/Src/main.c:521:6:SystemClock_Config	112	static
../Core/Src/main.c:567:6:PeriphCommonClock_Config	88	static
../Core/Src/main.c:591:13:MX_I2C1_Init	8	static
../Core/Src/main.c:639:13:MX_LPUART1_UART_Init	8	static
../Core/Src/main.c:687:13:MX_USART1_UART_Init	8	static
../Core/Src/main.c:735:13:MX_GPIO_Init	32	static
../Core/Src/main.c:776:6:MCP23008_Init	24	static
../Core/Src/main.c:786:18:MCP23008_ReadInputs	40	static
../Core/Src/main.c:813:18:MCP23008_ReadCapturedINT	32	static
../Core/Src/main.c:839:6:MCP23008_ConfigureInterrupts	24	static
../Core/Src/main.c:876:6:HAL_GPIO_EXTI_IRQHandler	32	static
../Core/Src/main.c:900:13:ReadSmokeStatus	40	static
../Core/Src/main.c:926:6:HAL_UART_RxCpltCallback	24	static
../Core/Src/main.c:1052:6:WDTReset	8	static
../Core/Src/main.c:1058:6:scanI2CDevices	16	static
../Core/Src/main.c:1071:6:printLineMarker	24	static
../Core/Src/main.c:1079:9:dataToByteArray	32	static
../Core/Src/main.c:1118:6:generatePayload	32	static
../Core/Src/main.c:1139:6:generateUnscheduledTxPayload	48	static
../Core/Src/main.c:1164:6:generateHeartbeatTxPayload	48	static
../Core/Src/main.c:1191:6:generatePowerTxPayload	40	static
../Core/Src/main.c:1225:6:handleInterruptTriggers	168	static
../Core/Src/main.c:1278:6:setLoraCredentials	8	static
../Core/Src/main.c:1306:6:joinNetwork	8	static
../Core/Src/main.c:1314:7:buildATCommand	32	static
../Core/Src/main.c:1344:6:sendToLora	56	static
../Core/Src/main.c:1393:6:sendATCommand	32	static
../Core/Src/main.c:1414:6:readSHT40	24	static
../Core/Src/main.c:1486:16:platform_write	40	static
../Core/Src/main.c:1503:16:platform_read	40	static
../Core/Src/main.c:1529:13:platform_delay	16	static
../Core/Src/main.c:1538:13:platform_init	4	static
../Core/Src/main.c:1543:6:initAccelerometer	8	static
../Core/Src/main.c:1629:6:readAccelerometer	160	static
../Core/Src/main.c:1683:6:readLTC4015	40	static
../Core/Src/main.c:1704:6:mockModbusResponse	24	static
../Core/Src/main.c:1710:6:appendModbusToPayload	16	static
../Core/Src/main.c:1722:6:Error_Handler	4	static,ignoring_inline_asm
