../Drivers/STM32WBxx_HAL_Driver/Inc/stm32wbxx_ll_bus.h:539:22:LL_AHB2_GRP1_EnableClock	24	static
../Core/Src/main.c:123:1:__io_putchar	16	static
../Core/Src/main.c:309:5:main	192	static
../Core/Src/main.c:645:6:SystemClock_Config	112	static
../Core/Src/main.c:691:6:PeriphCommonClock_Config	88	static
../Core/Src/main.c:715:13:MX_I2C1_Init	8	static
../Core/Src/main.c:763:13:MX_LPUART1_UART_Init	8	static
../Core/Src/main.c:811:13:MX_USART1_UART_Init	8	static
../Core/Src/main.c:859:13:MX_GPIO_Init	32	static
../Core/Src/main.c:900:6:MCP23008_Init	24	static
../Core/Src/main.c:910:18:MCP23008_ReadInputs	40	static
../Core/Src/main.c:937:18:MCP23008_ReadCapturedINT	32	static
../Core/Src/main.c:963:6:MCP23008_ConfigureInterrupts	24	static
../Core/Src/main.c:1000:6:HAL_GPIO_EXTI_IRQHandler	32	static
../Core/Src/main.c:1024:13:ReadSmokeStatus	40	static
../Core/Src/main.c:1050:6:HAL_UART_RxCpltCallback	24	static
../Core/Src/main.c:1176:6:WDTReset	8	static
../Core/Src/main.c:1182:6:scanI2CDevices	16	static
../Core/Src/main.c:1195:6:printLineMarker	24	static
../Core/Src/main.c:1203:9:dataToByteArray	32	static
../Core/Src/main.c:1242:6:generatePayload	32	static
../Core/Src/main.c:1263:6:generateUnscheduledTxPayload	48	static
../Core/Src/main.c:1288:6:generateHeartbeatTxPayload	64	static
../Core/Src/main.c:1315:6:generatePowerTxPayload	40	static
../Core/Src/main.c:1349:6:handleInterruptTriggers	176	static
../Core/Src/main.c:1402:6:setLoraCredentials	8	static
../Core/Src/main.c:1430:6:joinNetwork	8	static
../Core/Src/main.c:1438:7:buildATCommand	32	static
../Core/Src/main.c:1468:6:sendToLora	56	static
../Core/Src/main.c:1517:6:sendATCommand	32	static
../Core/Src/main.c:1538:6:readSHT40	24	static
../Core/Src/main.c:1617:16:platform_write	40	static
../Core/Src/main.c:1634:16:platform_read	40	static
../Core/Src/main.c:1660:13:platform_delay	16	static
../Core/Src/main.c:1669:13:platform_init	4	static
../Core/Src/main.c:1674:6:initAccelerometer	8	static
../Core/Src/main.c:1760:6:readAccelerometer	168	static
../Core/Src/main.c:1814:6:readLTC4015	40	static
../Core/Src/main.c:1835:6:mockModbusResponse	24	static
../Core/Src/main.c:1841:6:appendModbusToPayload	16	static
../Core/Src/main.c:1847:6:initQueue	16	static
../Core/Src/main.c:1853:5:enqueue	32	static
../Core/Src/main.c:1865:5:dequeue	24	static
../Core/Src/main.c:1877:5:isQueueEmpty	16	static
../Core/Src/main.c:1881:5:isQueueFull	16	static
../Core/Src/main.c:1886:6:queueUnscheduledPayload	152	static
../Core/Src/main.c:1896:6:queueHeartbeatPayload	152	static
../Core/Src/main.c:1908:6:readWaterLeak	16	static
../Core/Src/main.c:1924:6:Error_Handler	4	static,ignoring_inline_asm
