../Drivers/STM32WBxx_HAL_Driver/Inc/stm32wbxx_ll_bus.h:539:22:LL_AHB2_GRP1_EnableClock	24	static
../Core/Src/main.c:130:1:__io_putchar	16	static
../Core/Src/main.c:316:5:main	192	static
../Core/Src/main.c:673:6:SystemClock_Config	112	static
../Core/Src/main.c:721:6:PeriphCommonClock_Config	88	static
../Core/Src/main.c:745:13:MX_I2C1_Init	8	static
../Core/Src/main.c:793:13:MX_IWDG_Init	8	static
../Core/Src/main.c:822:13:MX_LPUART1_UART_Init	8	static
../Core/Src/main.c:870:13:MX_USART1_UART_Init	8	static
../Core/Src/main.c:918:13:MX_GPIO_Init	32	static
../Core/Src/main.c:959:6:MCP23008_Init	24	static
../Core/Src/main.c:969:18:MCP23008_ReadInputs	40	static
../Core/Src/main.c:996:18:MCP23008_ReadCapturedINT	32	static
../Core/Src/main.c:1022:6:MCP23008_ConfigureInterrupts	24	static
../Core/Src/main.c:1059:6:HAL_GPIO_EXTI_IRQHandler	32	static
../Core/Src/main.c:1083:13:ReadSmokeStatus	40	static
../Core/Src/main.c:1109:6:HAL_UART_RxCpltCallback	24	static
../Core/Src/main.c:1233:6:WDTReset	8	static
../Core/Src/main.c:1239:6:scanI2CDevices	16	static
../Core/Src/main.c:1252:6:printLineMarker	24	static
../Core/Src/main.c:1260:9:dataToByteArray	32	static
../Core/Src/main.c:1299:6:generatePayload	32	static
../Core/Src/main.c:1320:6:generateUnscheduledTxPayload	56	static
../Core/Src/main.c:1345:6:generateHeartbeatTxPayload	72	static
../Core/Src/main.c:1372:6:generatePowerTxPayload	40	static
../Core/Src/main.c:1406:6:handleInterruptTriggers	176	static
../Core/Src/main.c:1459:6:setLoraCredentials	8	static
../Core/Src/main.c:1488:6:joinNetwork	8	static
../Core/Src/main.c:1496:7:buildATCommand	32	static
../Core/Src/main.c:1526:6:sendToLora	56	static
../Core/Src/main.c:1575:6:sendATCommand	32	static
../Core/Src/main.c:1597:6:readSHT40	24	static
../Core/Src/main.c:1676:16:platform_write	40	static
../Core/Src/main.c:1693:16:platform_read	40	static
../Core/Src/main.c:1719:13:platform_delay	16	static
../Core/Src/main.c:1728:13:platform_init	4	static
../Core/Src/main.c:1733:6:initAccelerometer	8	static
../Core/Src/main.c:1819:6:readAccelerometer	168	static
../Core/Src/main.c:1873:6:readLTC4015	40	static
../Core/Src/main.c:1894:6:mockModbusResponse	24	static
../Core/Src/main.c:1900:6:appendModbusToPayload	16	static
../Core/Src/main.c:1906:6:initQueue	16	static
../Core/Src/main.c:1912:5:enqueue	32	static
../Core/Src/main.c:1924:5:dequeue	24	static
../Core/Src/main.c:1936:5:isQueueEmpty	16	static
../Core/Src/main.c:1940:5:isQueueFull	16	static
../Core/Src/main.c:1945:6:queueUnscheduledPayload	152	static
../Core/Src/main.c:1955:6:queueHeartbeatPayload	152	static
../Core/Src/main.c:1967:6:readWaterLeak	16	static
../Core/Src/main.c:1983:6:Error_Handler	4	static,ignoring_inline_asm
