../Drivers/STM32WBxx_HAL_Driver/Inc/stm32wbxx_ll_bus.h:539:22:LL_AHB2_GRP1_EnableClock	24	static
../Core/Src/main.c:136:1:__io_putchar	16	static
../Core/Src/main.c:322:5:main	192	static
../Core/Src/main.c:731:6:SystemClock_Config	112	static
../Core/Src/main.c:779:6:PeriphCommonClock_Config	88	static
../Core/Src/main.c:803:13:MX_I2C1_Init	8	static
../Core/Src/main.c:851:13:MX_IWDG_Init	8	static
../Core/Src/main.c:880:13:MX_LPUART1_UART_Init	8	static
../Core/Src/main.c:928:13:MX_USART1_UART_Init	8	static
../Core/Src/main.c:976:13:MX_GPIO_Init	32	static
../Core/Src/main.c:1017:6:MCP23008_Init	24	static
../Core/Src/main.c:1027:18:MCP23008_ReadInputs	40	static
../Core/Src/main.c:1054:18:MCP23008_ReadCapturedINT	32	static
../Core/Src/main.c:1080:6:MCP23008_ConfigureInterrupts	24	static
../Core/Src/main.c:1117:6:HAL_GPIO_EXTI_IRQHandler	32	static
../Core/Src/main.c:1141:13:ReadSmokeStatus	40	static
../Core/Src/main.c:1167:6:HAL_UART_RxCpltCallback	24	static
../Core/Src/main.c:1291:6:WDTReset	8	static
../Core/Src/main.c:1297:6:scanI2CDevices	16	static
../Core/Src/main.c:1310:6:printLineMarker	24	static
../Core/Src/main.c:1318:9:dataToByteArray	32	static
../Core/Src/main.c:1357:6:generatePayload	32	static
../Core/Src/main.c:1378:6:generateUnscheduledTxPayload	56	static
../Core/Src/main.c:1403:6:generateHeartbeatTxPayload	72	static
../Core/Src/main.c:1430:6:generatePowerTxPayload	40	static
../Core/Src/main.c:1464:6:handleInterruptTriggers	176	static
../Core/Src/main.c:1517:6:setLoraCredentials	8	static
../Core/Src/main.c:1546:6:joinNetwork	8	static
../Core/Src/main.c:1554:7:buildATCommand	32	static
../Core/Src/main.c:1584:6:sendToLora	56	static
../Core/Src/main.c:1633:6:sendATCommand	32	static
../Core/Src/main.c:1655:6:readSHT40	24	static
../Core/Src/main.c:1734:16:platform_write	40	static
../Core/Src/main.c:1751:16:platform_read	40	static
../Core/Src/main.c:1777:13:platform_delay	16	static
../Core/Src/main.c:1786:13:platform_init	4	static
../Core/Src/main.c:1791:6:initAccelerometer	8	static
../Core/Src/main.c:1877:6:readAccelerometer	168	static
../Core/Src/main.c:1931:6:readLTC4015	40	static
../Core/Src/main.c:1952:6:mockModbusResponse	24	static
../Core/Src/main.c:1958:6:appendModbusToPayload	16	static
../Core/Src/main.c:1964:6:initQueue	16	static
../Core/Src/main.c:1970:5:enqueue	32	static
../Core/Src/main.c:1982:5:dequeue	24	static
../Core/Src/main.c:1994:5:isQueueEmpty	16	static
../Core/Src/main.c:1998:5:isQueueFull	16	static
../Core/Src/main.c:2003:6:queueUnscheduledPayload	152	static
../Core/Src/main.c:2015:6:queueHeartbeatPayload	152	static
../Core/Src/main.c:2029:6:readWaterLeak	16	static
../Core/Src/main.c:2045:6:Error_Handler	4	static,ignoring_inline_asm
