../Drivers/STM32WBxx_HAL_Driver/Inc/stm32wbxx_ll_bus.h:539:22:LL_AHB2_GRP1_EnableClock	24	static
../Core/Src/main.c:79:1:__io_putchar	16	static
../Core/Src/main.c:107:5:main	72	static
../Core/Src/main.c:246:6:SystemClock_Config	112	static
../Core/Src/main.c:292:6:PeriphCommonClock_Config	88	static
../Core/Src/main.c:316:13:MX_I2C1_Init	8	static
../Core/Src/main.c:364:13:MX_LPUART1_UART_Init	8	static
../Core/Src/main.c:412:13:MX_USART1_UART_Init	8	static
../Core/Src/main.c:460:13:MX_GPIO_Init	32	static
../Core/Src/main.c:501:6:MCP23008_Init	24	static
../Core/Src/main.c:511:18:MCP23008_ReadInputs	40	static
../Core/Src/main.c:537:6:MCP23008_ConfigureInterrupts	24	static
../Core/Src/main.c:574:6:HAL_GPIO_EXTI_IRQHandler	16	static
../Core/Src/main.c:597:13:ReadSmokeStatus	40	static
../Core/Src/main.c:624:6:HAL_UART_RxCpltCallback	16	static
../Core/Src/main.c:635:6:WDTReset	8	static
../Core/Src/main.c:641:6:scanI2CDevices	16	static
../Core/Src/main.c:654:6:printLineMarker	24	static
../Core/Src/main.c:662:9:dataToByteArray	32	static
../Core/Src/main.c:699:6:generatePayload	32	static
../Core/Src/main.c:720:6:generateUnscheduledTxPayload	96	static
../Core/Src/main.c:747:6:handleInterruptTriggers	80	static
../Core/Src/main.c:800:6:Error_Handler	4	static,ignoring_inline_asm
