../Drivers/STM32WBxx_HAL_Driver/Inc/stm32wbxx_ll_bus.h:539:22:LL_AHB2_GRP1_EnableClock	24	static
../Core/Src/main.c:113:1:__io_putchar	16	static
../Core/Src/main.c:146:5:main	72	static
../Core/Src/main.c:388:6:SystemClock_Config	112	static
../Core/Src/main.c:434:6:PeriphCommonClock_Config	88	static
../Core/Src/main.c:458:13:MX_I2C1_Init	8	static
../Core/Src/main.c:506:13:MX_LPUART1_UART_Init	8	static
../Core/Src/main.c:554:13:MX_USART1_UART_Init	8	static
../Core/Src/main.c:602:13:MX_GPIO_Init	32	static
../Core/Src/main.c:643:6:MCP23008_Init	24	static
../Core/Src/main.c:653:18:MCP23008_ReadInputs	40	static
../Core/Src/main.c:678:6:MCP23008_ConfigureInterrupts	24	static
../Core/Src/main.c:715:6:HAL_GPIO_EXTI_IRQHandler	72	static
../Core/Src/main.c:751:13:ReadSmokeStatus	24	static
../Core/Src/main.c:784:16:platform_write	40	static
../Core/Src/main.c:815:16:platform_read	40	static
../Core/Src/main.c:844:13:tx_com	16	static
../Core/Src/main.c:862:13:platform_delay	16	static
../Core/Src/main.c:875:13:platform_init	4	static
../Core/Src/main.c:886:6:HAL_UART_RxCpltCallback	16	static
../Core/Src/main.c:902:6:Error_Handler	4	static,ignoring_inline_asm
