../Drivers/STM32WBxx_HAL_Driver/Inc/stm32wbxx_ll_bus.h:539:22:LL_AHB2_GRP1_EnableClock	24	static
../Core/Src/main.c:79:1:__io_putchar	16	static
../Core/Src/main.c:104:5:main	72	static
../Core/Src/main.c:242:6:SystemClock_Config	112	static
../Core/Src/main.c:288:6:PeriphCommonClock_Config	88	static
../Core/Src/main.c:312:13:MX_I2C1_Init	8	static
../Core/Src/main.c:360:13:MX_LPUART1_UART_Init	8	static
../Core/Src/main.c:408:13:MX_USART1_UART_Init	8	static
../Core/Src/main.c:456:13:MX_GPIO_Init	32	static
../Core/Src/main.c:497:6:MCP23008_Init	24	static
../Core/Src/main.c:507:18:MCP23008_ReadInputs	40	static
../Core/Src/main.c:533:6:MCP23008_ConfigureInterrupts	24	static
../Core/Src/main.c:570:6:HAL_GPIO_EXTI_IRQHandler	80	static
../Core/Src/main.c:606:13:ReadSmokeStatus	40	static
../Core/Src/main.c:633:6:HAL_UART_RxCpltCallback	16	static
../Core/Src/main.c:644:6:WDTReset	8	static
../Core/Src/main.c:650:6:scanI2CDevices	16	static
../Core/Src/main.c:663:6:printLineMarker	24	static
../Core/Src/main.c:675:6:Error_Handler	4	static,ignoring_inline_asm
