../Drivers/STM32WBxx_HAL_Driver/Inc/stm32wbxx_ll_bus.h:539:22:LL_AHB2_GRP1_EnableClock	24	static
../Core/Src/main.c:137:1:__io_putchar	16	static
../Core/Src/main.c:324:5:main	192	static
../Core/Src/main.c:772:6:SystemClock_Config	112	static
../Core/Src/main.c:820:6:PeriphCommonClock_Config	88	static
../Core/Src/main.c:844:13:MX_I2C1_Init	8	static
../Core/Src/main.c:892:13:MX_IWDG_Init	8	static
../Core/Src/main.c:921:13:MX_LPUART1_UART_Init	8	static
../Core/Src/main.c:969:13:MX_USART1_UART_Init	8	static
../Core/Src/main.c:1017:13:MX_GPIO_Init	32	static
../Core/Src/main.c:1058:6:MCP23008_Init	24	static
../Core/Src/main.c:1068:18:MCP23008_ReadInputs	40	static
../Core/Src/main.c:1095:18:MCP23008_ReadCapturedINT	32	static
../Core/Src/main.c:1121:6:MCP23008_ConfigureInterrupts	24	static
../Core/Src/main.c:1158:6:HAL_GPIO_EXTI_IRQHandler	32	static
../Core/Src/main.c:1182:13:ReadSmokeStatus	40	static
../Core/Src/main.c:1208:6:HAL_UART_RxCpltCallback	24	static
../Core/Src/main.c:1332:6:WDTReset	8	static
../Core/Src/main.c:1338:6:scanI2CDevices	16	static
../Core/Src/main.c:1351:6:printLineMarker	24	static
../Core/Src/main.c:1359:9:dataToByteArray	32	static
../Core/Src/main.c:1398:6:generatePayload	32	static
../Core/Src/main.c:1419:6:generateUnscheduledTxPayload	56	static
../Core/Src/main.c:1444:6:generateHeartbeatTxPayload	72	static
../Core/Src/main.c:1471:6:generatePowerTxPayload	40	static
../Core/Src/main.c:1505:6:handleInterruptTriggers	176	static
../Core/Src/main.c:1558:6:setLoraCredentials	8	static
../Core/Src/main.c:1587:6:joinNetwork	8	static
../Core/Src/main.c:1595:7:buildATCommand	32	static
../Core/Src/main.c:1625:6:sendToLora	56	static
../Core/Src/main.c:1674:6:sendATCommand	32	static
../Core/Src/main.c:1696:6:readSHT40	24	static
../Core/Src/main.c:1775:16:platform_write	40	static
../Core/Src/main.c:1792:16:platform_read	40	static
../Core/Src/main.c:1818:13:platform_delay	16	static
../Core/Src/main.c:1827:13:platform_init	4	static
../Core/Src/main.c:1832:6:initAccelerometer	8	static
../Core/Src/main.c:1918:6:readAccelerometer	168	static
../Core/Src/main.c:1972:6:readLTC4015	40	static
../Core/Src/main.c:1993:6:mockModbusResponse	24	static
../Core/Src/main.c:1999:6:appendModbusToPayload	16	static
../Core/Src/main.c:2005:6:initQueue	16	static
../Core/Src/main.c:2011:5:enqueue	32	static
../Core/Src/main.c:2023:5:dequeue	24	static
../Core/Src/main.c:2035:5:isQueueEmpty	16	static
../Core/Src/main.c:2039:5:isQueueFull	16	static
../Core/Src/main.c:2044:6:queueUnscheduledPayload	152	static
../Core/Src/main.c:2056:6:queueHeartbeatPayload	152	static
../Core/Src/main.c:2070:6:queuePayload	56	static
../Core/Src/main.c:2082:6:readWaterLeak	16	static
../Core/Src/main.c:2098:6:Error_Handler	4	static,ignoring_inline_asm
