../Drivers/STM32WBxx_HAL_Driver/Inc/stm32wbxx_ll_bus.h:539:22:LL_AHB2_GRP1_EnableClock	24	static
../Core/Src/main.c:93:1:__io_putchar	16	static
../Core/Src/main.c:127:5:main	80	static
../Core/Src/main.c:311:6:SystemClock_Config	112	static
../Core/Src/main.c:357:6:PeriphCommonClock_Config	88	static
../Core/Src/main.c:381:13:MX_I2C1_Init	8	static
../Core/Src/main.c:429:13:MX_LPUART1_UART_Init	8	static
../Core/Src/main.c:477:13:MX_USART1_UART_Init	8	static
../Core/Src/main.c:525:13:MX_GPIO_Init	32	static
../Core/Src/main.c:566:6:MCP23008_Init	24	static
../Core/Src/main.c:576:18:MCP23008_ReadInputs	40	static
../Core/Src/main.c:602:6:MCP23008_ConfigureInterrupts	24	static
../Core/Src/main.c:639:6:HAL_GPIO_EXTI_IRQHandler	16	static
../Core/Src/main.c:662:13:ReadSmokeStatus	40	static
../Core/Src/main.c:688:6:HAL_UART_RxCpltCallback	24	static
../Core/Src/main.c:796:6:WDTReset	8	static
../Core/Src/main.c:802:6:scanI2CDevices	16	static
../Core/Src/main.c:815:6:printLineMarker	24	static
../Core/Src/main.c:823:9:dataToByteArray	32	static
../Core/Src/main.c:860:6:generatePayload	32	static
../Core/Src/main.c:881:6:generateUnscheduledTxPayload	96	static
../Core/Src/main.c:908:6:handleInterruptTriggers	80	static
../Core/Src/main.c:957:6:setLoraCredentials	8	static
../Core/Src/main.c:985:6:joinNetwork	8	static
../Core/Src/main.c:1045:7:buildATCommand	32	static
../Core/Src/main.c:1084:6:sendToLora	64	static
../Core/Src/main.c:1138:6:sendATCommand	32	static
../Core/Src/main.c:1159:6:readSHT40	24	static
../Core/Src/main.c:1177:6:Error_Handler	4	static,ignoring_inline_asm
