../Drivers/STM32WBxx_HAL_Driver/Inc/stm32wbxx_ll_bus.h:539:22:LL_AHB2_GRP1_EnableClock	24	static
../Core/Src/main.c:109:1:__io_putchar	16	static
../Core/Src/main.c:149:21:ABSF	16	static
../Core/Src/main.c:154:12:flush_samples	32	static
../Core/Src/main.c:172:13:test_self_test_lis2dw12	96	static
../Core/Src/main.c:279:5:main	208	static
../Core/Src/main.c:482:6:SystemClock_Config	112	static
../Core/Src/main.c:528:6:PeriphCommonClock_Config	88	static
../Core/Src/main.c:552:13:MX_I2C1_Init	8	static
../Core/Src/main.c:600:13:MX_LPUART1_UART_Init	8	static
../Core/Src/main.c:648:13:MX_USART1_UART_Init	8	static
../Core/Src/main.c:696:13:MX_GPIO_Init	32	static
../Core/Src/main.c:737:6:MCP23008_Init	24	static
../Core/Src/main.c:747:18:MCP23008_ReadInputs	40	static
../Core/Src/main.c:774:18:MCP23008_ReadCapturedINT	32	static
../Core/Src/main.c:800:6:MCP23008_ConfigureInterrupts	24	static
../Core/Src/main.c:837:6:HAL_GPIO_EXTI_IRQHandler	32	static
../Core/Src/main.c:861:13:ReadSmokeStatus	40	static
../Core/Src/main.c:887:6:HAL_UART_RxCpltCallback	24	static
../Core/Src/main.c:1013:6:WDTReset	8	static
../Core/Src/main.c:1019:6:scanI2CDevices	16	static
../Core/Src/main.c:1032:6:printLineMarker	24	static
../Core/Src/main.c:1040:9:dataToByteArray	32	static
../Core/Src/main.c:1077:6:generatePayload	32	static
../Core/Src/main.c:1098:6:generateUnscheduledTxPayload	48	static
../Core/Src/main.c:1123:6:generateHeartbeatTxPayload	56	static
../Core/Src/main.c:1150:6:handleInterruptTriggers	152	static
../Core/Src/main.c:1203:6:setLoraCredentials	8	static
../Core/Src/main.c:1231:6:joinNetwork	8	static
../Core/Src/main.c:1239:7:buildATCommand	32	static
../Core/Src/main.c:1269:6:sendToLora	56	static
../Core/Src/main.c:1318:6:sendATCommand	32	static
../Core/Src/main.c:1339:6:readSHT40	24	static
../Core/Src/main.c:1353:16:platform_write	40	static
../Core/Src/main.c:1370:16:platform_read	40	static
../Core/Src/main.c:1385:13:tx_com	16	static
../Core/Src/main.c:1396:13:platform_delay	16	static
../Core/Src/main.c:1405:13:platform_init	4	static
../Core/Src/main.c:1410:6:initAccelerometer	8	static
../Core/Src/main.c:1496:6:readAccelerometer	144	static
../Core/Src/main.c:1555:6:Error_Handler	4	static,ignoring_inline_asm
