14:27:45 **** Clean-only build of configuration Debug for project NCR_HW_TestCode ****
make -j4 clean 
rm -rf ./Drivers/STM32WBxx_HAL_Driver/Src/stm32wbxx_hal.cyclo ./Drivers/STM32WBxx_HAL_Driver/Src/stm32wbxx_hal.d ./Drivers/STM32WBxx_HAL_Driver/Src/stm32wbxx_hal.o ./Drivers/STM32WBxx_HAL_Driver/Src/stm32wbxx_hal.su ./Drivers/STM32WBxx_HAL_Driver/Src/stm32wbxx_hal_cortex.cyclo ./Drivers/STM32WBxx_HAL_Driver/Src/stm32wbxx_hal_cortex.d ./Drivers/STM32WBxx_HAL_Driver/Src/stm32wbxx_hal_cortex.o ./Drivers/STM32WBxx_HAL_Driver/Src/stm32wbxx_hal_cortex.su ./Drivers/STM32WBxx_HAL_Driver/Src/stm32wbxx_hal_dma.cyclo ./Drivers/STM32WBxx_HAL_Driver/Src/stm32wbxx_hal_dma.d ./Drivers/STM32WBxx_HAL_Driver/Src/stm32wbxx_hal_dma.o ./Drivers/STM32WBxx_HAL_Driver/Src/stm32wbxx_hal_dma.su ./Drivers/STM32WBxx_HAL_Driver/Src/stm32wbxx_hal_dma_ex.cyclo ./Drivers/STM32WBxx_HAL_Driver/Src/stm32wbxx_hal_dma_ex.d ./Drivers/STM32WBxx_HAL_Driver/Src/stm32wbxx_hal_dma_ex.o ./Drivers/STM32WBxx_HAL_Driver/Src/stm32wbxx_hal_dma_ex.su ./Drivers/STM32WBxx_HAL_Driver/Src/stm32wbxx_hal_exti.cyclo ./Drivers/STM32WBxx_HAL_Driver/Src/stm32wbxx_hal_exti.d ./Drivers/STM32WBxx_HAL_Driver/Src/stm32wbxx_hal_exti.o ./Drivers/STM32WBxx_HAL_Driver/Src/stm32wbxx_hal_exti.su ./Drivers/STM32WBxx_HAL_Driver/Src/stm32wbxx_hal_flash.cyclo ./Drivers/STM32WBxx_HAL_Driver/Src/stm32wbxx_hal_flash.d ./Drivers/STM32WBxx_HAL_Driver/Src/stm32wbxx_hal_flash.o ./Drivers/STM32WBxx_HAL_Driver/Src/stm32wbxx_hal_flash.su ./Drivers/STM32WBxx_HAL_Driver/Src/stm32wbxx_hal_flash_ex.cyclo ./Drivers/STM32WBxx_HAL_Driver/Src/stm32wbxx_hal_flash_ex.d ./Drivers/STM32WBxx_HAL_Driver/Src/stm32wbxx_hal_flash_ex.o ./Drivers/STM32WBxx_HAL_Driver/Src/stm32wbxx_hal_flash_ex.su ./Drivers/STM32WBxx_HAL_Driver/Src/stm32wbxx_hal_gpio.cyclo ./Drivers/STM32WBxx_HAL_Driver/Src/stm32wbxx_hal_gpio.d ./Drivers/STM32WBxx_HAL_Driver/Src/stm32wbxx_hal_gpio.o ./Drivers/STM32WBxx_HAL_Driver/Src/stm32wbxx_hal_gpio.su ./Drivers/STM32WBxx_HAL_Driver/Src/stm32wbxx_hal_hsem.cyclo ./Drivers/STM32WBxx_HAL_Driver/Src/stm32wbxx_hal_hsem.d ./Drivers/STM32WBxx_HAL_Driver/Src/stm32wbxx_hal_hsem.o ./Drivers/STM32WBxx_HAL_Driver/Src/stm32wbxx_hal_hsem.su ./Drivers/STM32WBxx_HAL_Driver/Src/stm32wbxx_hal_i2c.cyclo ./Drivers/STM32WBxx_HAL_Driver/Src/stm32wbxx_hal_i2c.d ./Drivers/STM32WBxx_HAL_Driver/Src/stm32wbxx_hal_i2c.o ./Drivers/STM32WBxx_HAL_Driver/Src/stm32wbxx_hal_i2c.su ./Drivers/STM32WBxx_HAL_Driver/Src/stm32wbxx_hal_i2c_ex.cyclo ./Drivers/STM32WBxx_HAL_Driver/Src/stm32wbxx_hal_i2c_ex.d ./Drivers/STM32WBxx_HAL_Driver/Src/stm32wbxx_hal_i2c_ex.o ./Drivers/STM32WBxx_HAL_Driver/Src/stm32wbxx_hal_i2c_ex.su ./Drivers/STM32WBxx_HAL_Driver/Src/stm32wbxx_hal_iwdg.cyclo ./Drivers/STM32WBxx_HAL_Driver/Src/stm32wbxx_hal_iwdg.d ./Drivers/STM32WBxx_HAL_Driver/Src/stm32wbxx_hal_iwdg.o ./Drivers/STM32WBxx_HAL_Driver/Src/stm32wbxx_hal_iwdg.su ./Drivers/STM32WBxx_HAL_Driver/Src/stm32wbxx_hal_pwr.cyclo ./Drivers/STM32WBxx_HAL_Driver/Src/stm32wbxx_hal_pwr.d ./Drivers/STM32WBxx_HAL_Driver/Src/stm32wbxx_hal_pwr.o ./Drivers/STM32WBxx_HAL_Driver/Src/stm32wbxx_hal_pwr.su ./Drivers/STM32WBxx_HAL_Driver/Src/stm32wbxx_hal_pwr_ex.cyclo ./Drivers/STM32WBxx_HAL_Driver/Src/stm32wbxx_hal_pwr_ex.d ./Drivers/STM32WBxx_HAL_Driver/Src/stm32wbxx_hal_pwr_ex.o ./Drivers/STM32WBxx_HAL_Driver/Src/stm32wbxx_hal_pwr_ex.su ./Drivers/STM32WBxx_HAL_Driver/Src/stm32wbxx_hal_rcc.cyclo ./Drivers/STM32WBxx_HAL_Driver/Src/stm32wbxx_hal_rcc.d ./Drivers/STM32WBxx_HAL_Driver/Src/stm32wbxx_hal_rcc.o ./Drivers/STM32WBxx_HAL_Driver/Src/stm32wbxx_hal_rcc.su ./Drivers/STM32WBxx_HAL_Driver/Src/stm32wbxx_hal_rcc_ex.cyclo ./Drivers/STM32WBxx_HAL_Driver/Src/stm32wbxx_hal_rcc_ex.d ./Drivers/STM32WBxx_HAL_Driver/Src/stm32wbxx_hal_rcc_ex.o ./Drivers/STM32WBxx_HAL_Driver/Src/stm32wbxx_hal_rcc_ex.su ./Drivers/STM32WBxx_HAL_Driver/Src/stm32wbxx_hal_tim.cyclo ./Drivers/STM32WBxx_HAL_Driver/Src/stm32wbxx_hal_tim.d ./Drivers/STM32WBxx_HAL_Driver/Src/stm32wbxx_hal_tim.o ./Drivers/STM32WBxx_HAL_Driver/Src/stm32wbxx_hal_tim.su ./Drivers/STM32WBxx_HAL_Driver/Src/stm32wbxx_hal_tim_ex.cyclo ./Drivers/STM32WBxx_HAL_Driver/Src/stm32wbxx_hal_tim_ex.d ./Drivers/STM32WBxx_HAL_Driver/Src/stm32wbxx_hal_tim_ex.o ./Drivers/STM32WBxx_HAL_Driver/Src/stm32wbxx_hal_tim_ex.su ./Drivers/STM32WBxx_HAL_Driver/Src/stm32wbxx_hal_uart.cyclo ./Drivers/STM32WBxx_HAL_Driver/Src/stm32wbxx_hal_uart.d ./Drivers/STM32WBxx_HAL_Driver/Src/stm32wbxx_hal_uart.o ./Drivers/STM32WBxx_HAL_Driver/Src/stm32wbxx_hal_uart.su ./Drivers/STM32WBxx_HAL_Driver/Src/stm32wbxx_hal_uart_ex.cyclo ./Drivers/STM32WBxx_HAL_Driver/Src/stm32wbxx_hal_uart_ex.d ./Drivers/STM32WBxx_HAL_Driver/Src/stm32wbxx_hal_uart_ex.o ./Drivers/STM32WBxx_HAL_Driver/Src/stm32wbxx_hal_uart_ex.su ./Drivers/STM32WBxx_HAL_Driver/Src/stm32wbxx_ll_rcc.cyclo ./Drivers/STM32WBxx_HAL_Driver/Src/stm32wbxx_ll_rcc.d ./Drivers/STM32WBxx_HAL_Driver/Src/stm32wbxx_ll_rcc.o ./Drivers/STM32WBxx_HAL_Driver/Src/stm32wbxx_ll_rcc.su
rm -rf ./Core/sht4x/sht40.cyclo ./Core/sht4x/sht40.d ./Core/sht4x/sht40.o ./Core/sht4x/sht40.su
rm -rf ./Core/sht2x/sht2x_for_stm32_hal.cyclo ./Core/sht2x/sht2x_for_stm32_hal.d ./Core/sht2x/sht2x_for_stm32_hal.o ./Core/sht2x/sht2x_for_stm32_hal.su
rm -rf ./Core/Startup/startup_stm32wb55rgvx.d ./Core/Startup/startup_stm32wb55rgvx.o
rm -rf ./Core/Src/ads1115.cyclo ./Core/Src/ads1115.d ./Core/Src/ads1115.o ./Core/Src/ads1115.su ./Core/Src/main.cyclo ./Core/Src/main.d ./Core/Src/main.o ./Core/Src/main.su ./Core/Src/stm32wbxx_hal_msp.cyclo ./Core/Src/stm32wbxx_hal_msp.d ./Core/Src/stm32wbxx_hal_msp.o ./Core/Src/stm32wbxx_hal_msp.su ./Core/Src/stm32wbxx_it.cyclo ./Core/Src/stm32wbxx_it.d ./Core/Src/stm32wbxx_it.o ./Core/Src/stm32wbxx_it.su ./Core/Src/syscalls.cyclo ./Core/Src/syscalls.d ./Core/Src/syscalls.o ./Core/Src/syscalls.su ./Core/Src/sysmem.cyclo ./Core/Src/sysmem.d ./Core/Src/sysmem.o ./Core/Src/sysmem.su ./Core/Src/system_stm32wbxx.cyclo ./Core/Src/system_stm32wbxx.d ./Core/Src/system_stm32wbxx.o ./Core/Src/system_stm32wbxx.su
rm -rf ./Core/PWXModbus/PWX_ST50H_Modbus.cyclo ./Core/PWXModbus/PWX_ST50H_Modbus.d ./Core/PWXModbus/PWX_ST50H_Modbus.o ./Core/PWXModbus/PWX_ST50H_Modbus.su
rm -rf ./Core/LIS2DW12/lis2dw12_reg.cyclo ./Core/LIS2DW12/lis2dw12_reg.d ./Core/LIS2DW12/lis2dw12_reg.o ./Core/LIS2DW12/lis2dw12_reg.su
rm -rf NCR_HW_TestCode.bin NCR_HW_TestCode.elf NCR_HW_TestCode.hex NCR_HW_TestCode.list NCR_HW_TestCode.map default.size.stdout
 
14:27:49 **** Build of configuration Debug for project NCR_HW_TestCode ****
make -j4 all 
arm-none-eabi-gcc "../Drivers/STM32WBxx_HAL_Driver/Src/stm32wbxx_hal.c" -mcpu=cortex-m4 -std=gnu11 -g3 -DDEBUG -DUSE_HAL_DRIVER -DSTM32WB55xx -c -I../Core/Inc -I../Drivers/STM32WBxx_HAL_Driver/Inc -I../Drivers/STM32WBxx_HAL_Driver/Inc/Legacy -I../Drivers/CMSIS/Device/ST/STM32WBxx/Include -I../Drivers/CMSIS/Include -I"C:/Users/Owner/STM32CubeIDE/NCR/NCR_HW_TestCode/Core/LIS2DW12" -I"C:/Users/Owner/STM32CubeIDE/NCR/NCR_HW_TestCode/Core/sht4x" -I"C:/Users/Owner/STM32CubeIDE/NCR/NCR_HW_TestCode/Core/sht2x" -I"C:/Users/Owner/STM32CubeIDE/NCR/NCR_HW_TestCode/Core/PWXModbus" -O0 -ffunction-sections -fdata-sections -Wall -fstack-usage -fcyclomatic-complexity -MMD -MP -MF"Drivers/STM32WBxx_HAL_Driver/Src/stm32wbxx_hal.d" -MT"Drivers/STM32WBxx_HAL_Driver/Src/stm32wbxx_hal.o" --specs=nano.specs -mfpu=fpv4-sp-d16 -mfloat-abi=hard -mthumb -o "Drivers/STM32WBxx_HAL_Driver/Src/stm32wbxx_hal.o"
arm-none-eabi-gcc "../Drivers/STM32WBxx_HAL_Driver/Src/stm32wbxx_hal_cortex.c" -mcpu=cortex-m4 -std=gnu11 -g3 -DDEBUG -DUSE_HAL_DRIVER -DSTM32WB55xx -c -I../Core/Inc -I../Drivers/STM32WBxx_HAL_Driver/Inc -I../Drivers/STM32WBxx_HAL_Driver/Inc/Legacy -I../Drivers/CMSIS/Device/ST/STM32WBxx/Include -I../Drivers/CMSIS/Include -I"C:/Users/Owner/STM32CubeIDE/NCR/NCR_HW_TestCode/Core/LIS2DW12" -I"C:/Users/Owner/STM32CubeIDE/NCR/NCR_HW_TestCode/Core/sht4x" -I"C:/Users/Owner/STM32CubeIDE/NCR/NCR_HW_TestCode/Core/sht2x" -I"C:/Users/Owner/STM32CubeIDE/NCR/NCR_HW_TestCode/Core/PWXModbus" -O0 -ffunction-sections -fdata-sections -Wall -fstack-usage -fcyclomatic-complexity -MMD -MP -MF"Drivers/STM32WBxx_HAL_Driver/Src/stm32wbxx_hal_cortex.d" -MT"Drivers/STM32WBxx_HAL_Driver/Src/stm32wbxx_hal_cortex.o" --specs=nano.specs -mfpu=fpv4-sp-d16 -mfloat-abi=hard -mthumb -o "Drivers/STM32WBxx_HAL_Driver/Src/stm32wbxx_hal_cortex.o"
arm-none-eabi-gcc "../Drivers/STM32WBxx_HAL_Driver/Src/stm32wbxx_hal_dma.c" -mcpu=cortex-m4 -std=gnu11 -g3 -DDEBUG -DUSE_HAL_DRIVER -DSTM32WB55xx -c -I../Core/Inc -I../Drivers/STM32WBxx_HAL_Driver/Inc -I../Drivers/STM32WBxx_HAL_Driver/Inc/Legacy -I../Drivers/CMSIS/Device/ST/STM32WBxx/Include -I../Drivers/CMSIS/Include -I"C:/Users/Owner/STM32CubeIDE/NCR/NCR_HW_TestCode/Core/LIS2DW12" -I"C:/Users/Owner/STM32CubeIDE/NCR/NCR_HW_TestCode/Core/sht4x" -I"C:/Users/Owner/STM32CubeIDE/NCR/NCR_HW_TestCode/Core/sht2x" -I"C:/Users/Owner/STM32CubeIDE/NCR/NCR_HW_TestCode/Core/PWXModbus" -O0 -ffunction-sections -fdata-sections -Wall -fstack-usage -fcyclomatic-complexity -MMD -MP -MF"Drivers/STM32WBxx_HAL_Driver/Src/stm32wbxx_hal_dma.d" -MT"Drivers/STM32WBxx_HAL_Driver/Src/stm32wbxx_hal_dma.o" --specs=nano.specs -mfpu=fpv4-sp-d16 -mfloat-abi=hard -mthumb -o "Drivers/STM32WBxx_HAL_Driver/Src/stm32wbxx_hal_dma.o"
arm-none-eabi-gcc "../Drivers/STM32WBxx_HAL_Driver/Src/stm32wbxx_hal_dma_ex.c" -mcpu=cortex-m4 -std=gnu11 -g3 -DDEBUG -DUSE_HAL_DRIVER -DSTM32WB55xx -c -I../Core/Inc -I../Drivers/STM32WBxx_HAL_Driver/Inc -I../Drivers/STM32WBxx_HAL_Driver/Inc/Legacy -I../Drivers/CMSIS/Device/ST/STM32WBxx/Include -I../Drivers/CMSIS/Include -I"C:/Users/Owner/STM32CubeIDE/NCR/NCR_HW_TestCode/Core/LIS2DW12" -I"C:/Users/Owner/STM32CubeIDE/NCR/NCR_HW_TestCode/Core/sht4x" -I"C:/Users/Owner/STM32CubeIDE/NCR/NCR_HW_TestCode/Core/sht2x" -I"C:/Users/Owner/STM32CubeIDE/NCR/NCR_HW_TestCode/Core/PWXModbus" -O0 -ffunction-sections -fdata-sections -Wall -fstack-usage -fcyclomatic-complexity -MMD -MP -MF"Drivers/STM32WBxx_HAL_Driver/Src/stm32wbxx_hal_dma_ex.d" -MT"Drivers/STM32WBxx_HAL_Driver/Src/stm32wbxx_hal_dma_ex.o" --specs=nano.specs -mfpu=fpv4-sp-d16 -mfloat-abi=hard -mthumb -o "Drivers/STM32WBxx_HAL_Driver/Src/stm32wbxx_hal_dma_ex.o"
arm-none-eabi-gcc "../Drivers/STM32WBxx_HAL_Driver/Src/stm32wbxx_hal_exti.c" -mcpu=cortex-m4 -std=gnu11 -g3 -DDEBUG -DUSE_HAL_DRIVER -DSTM32WB55xx -c -I../Core/Inc -I../Drivers/STM32WBxx_HAL_Driver/Inc -I../Drivers/STM32WBxx_HAL_Driver/Inc/Legacy -I../Drivers/CMSIS/Device/ST/STM32WBxx/Include -I../Drivers/CMSIS/Include -I"C:/Users/Owner/STM32CubeIDE/NCR/NCR_HW_TestCode/Core/LIS2DW12" -I"C:/Users/Owner/STM32CubeIDE/NCR/NCR_HW_TestCode/Core/sht4x" -I"C:/Users/Owner/STM32CubeIDE/NCR/NCR_HW_TestCode/Core/sht2x" -I"C:/Users/Owner/STM32CubeIDE/NCR/NCR_HW_TestCode/Core/PWXModbus" -O0 -ffunction-sections -fdata-sections -Wall -fstack-usage -fcyclomatic-complexity -MMD -MP -MF"Drivers/STM32WBxx_HAL_Driver/Src/stm32wbxx_hal_exti.d" -MT"Drivers/STM32WBxx_HAL_Driver/Src/stm32wbxx_hal_exti.o" --specs=nano.specs -mfpu=fpv4-sp-d16 -mfloat-abi=hard -mthumb -o "Drivers/STM32WBxx_HAL_Driver/Src/stm32wbxx_hal_exti.o"
arm-none-eabi-gcc "../Drivers/STM32WBxx_HAL_Driver/Src/stm32wbxx_hal_flash.c" -mcpu=cortex-m4 -std=gnu11 -g3 -DDEBUG -DUSE_HAL_DRIVER -DSTM32WB55xx -c -I../Core/Inc -I../Drivers/STM32WBxx_HAL_Driver/Inc -I../Drivers/STM32WBxx_HAL_Driver/Inc/Legacy -I../Drivers/CMSIS/Device/ST/STM32WBxx/Include -I../Drivers/CMSIS/Include -I"C:/Users/Owner/STM32CubeIDE/NCR/NCR_HW_TestCode/Core/LIS2DW12" -I"C:/Users/Owner/STM32CubeIDE/NCR/NCR_HW_TestCode/Core/sht4x" -I"C:/Users/Owner/STM32CubeIDE/NCR/NCR_HW_TestCode/Core/sht2x" -I"C:/Users/Owner/STM32CubeIDE/NCR/NCR_HW_TestCode/Core/PWXModbus" -O0 -ffunction-sections -fdata-sections -Wall -fstack-usage -fcyclomatic-complexity -MMD -MP -MF"Drivers/STM32WBxx_HAL_Driver/Src/stm32wbxx_hal_flash.d" -MT"Drivers/STM32WBxx_HAL_Driver/Src/stm32wbxx_hal_flash.o" --specs=nano.specs -mfpu=fpv4-sp-d16 -mfloat-abi=hard -mthumb -o "Drivers/STM32WBxx_HAL_Driver/Src/stm32wbxx_hal_flash.o"
arm-none-eabi-gcc "../Drivers/STM32WBxx_HAL_Driver/Src/stm32wbxx_hal_flash_ex.c" -mcpu=cortex-m4 -std=gnu11 -g3 -DDEBUG -DUSE_HAL_DRIVER -DSTM32WB55xx -c -I../Core/Inc -I../Drivers/STM32WBxx_HAL_Driver/Inc -I../Drivers/STM32WBxx_HAL_Driver/Inc/Legacy -I../Drivers/CMSIS/Device/ST/STM32WBxx/Include -I../Drivers/CMSIS/Include -I"C:/Users/Owner/STM32CubeIDE/NCR/NCR_HW_TestCode/Core/LIS2DW12" -I"C:/Users/Owner/STM32CubeIDE/NCR/NCR_HW_TestCode/Core/sht4x" -I"C:/Users/Owner/STM32CubeIDE/NCR/NCR_HW_TestCode/Core/sht2x" -I"C:/Users/Owner/STM32CubeIDE/NCR/NCR_HW_TestCode/Core/PWXModbus" -O0 -ffunction-sections -fdata-sections -Wall -fstack-usage -fcyclomatic-complexity -MMD -MP -MF"Drivers/STM32WBxx_HAL_Driver/Src/stm32wbxx_hal_flash_ex.d" -MT"Drivers/STM32WBxx_HAL_Driver/Src/stm32wbxx_hal_flash_ex.o" --specs=nano.specs -mfpu=fpv4-sp-d16 -mfloat-abi=hard -mthumb -o "Drivers/STM32WBxx_HAL_Driver/Src/stm32wbxx_hal_flash_ex.o"
arm-none-eabi-gcc "../Drivers/STM32WBxx_HAL_Driver/Src/stm32wbxx_hal_gpio.c" -mcpu=cortex-m4 -std=gnu11 -g3 -DDEBUG -DUSE_HAL_DRIVER -DSTM32WB55xx -c -I../Core/Inc -I../Drivers/STM32WBxx_HAL_Driver/Inc -I../Drivers/STM32WBxx_HAL_Driver/Inc/Legacy -I../Drivers/CMSIS/Device/ST/STM32WBxx/Include -I../Drivers/CMSIS/Include -I"C:/Users/Owner/STM32CubeIDE/NCR/NCR_HW_TestCode/Core/LIS2DW12" -I"C:/Users/Owner/STM32CubeIDE/NCR/NCR_HW_TestCode/Core/sht4x" -I"C:/Users/Owner/STM32CubeIDE/NCR/NCR_HW_TestCode/Core/sht2x" -I"C:/Users/Owner/STM32CubeIDE/NCR/NCR_HW_TestCode/Core/PWXModbus" -O0 -ffunction-sections -fdata-sections -Wall -fstack-usage -fcyclomatic-complexity -MMD -MP -MF"Drivers/STM32WBxx_HAL_Driver/Src/stm32wbxx_hal_gpio.d" -MT"Drivers/STM32WBxx_HAL_Driver/Src/stm32wbxx_hal_gpio.o" --specs=nano.specs -mfpu=fpv4-sp-d16 -mfloat-abi=hard -mthumb -o "Drivers/STM32WBxx_HAL_Driver/Src/stm32wbxx_hal_gpio.o"
arm-none-eabi-gcc "../Drivers/STM32WBxx_HAL_Driver/Src/stm32wbxx_hal_hsem.c" -mcpu=cortex-m4 -std=gnu11 -g3 -DDEBUG -DUSE_HAL_DRIVER -DSTM32WB55xx -c -I../Core/Inc -I../Drivers/STM32WBxx_HAL_Driver/Inc -I../Drivers/STM32WBxx_HAL_Driver/Inc/Legacy -I../Drivers/CMSIS/Device/ST/STM32WBxx/Include -I../Drivers/CMSIS/Include -I"C:/Users/Owner/STM32CubeIDE/NCR/NCR_HW_TestCode/Core/LIS2DW12" -I"C:/Users/Owner/STM32CubeIDE/NCR/NCR_HW_TestCode/Core/sht4x" -I"C:/Users/Owner/STM32CubeIDE/NCR/NCR_HW_TestCode/Core/sht2x" -I"C:/Users/Owner/STM32CubeIDE/NCR/NCR_HW_TestCode/Core/PWXModbus" -O0 -ffunction-sections -fdata-sections -Wall -fstack-usage -fcyclomatic-complexity -MMD -MP -MF"Drivers/STM32WBxx_HAL_Driver/Src/stm32wbxx_hal_hsem.d" -MT"Drivers/STM32WBxx_HAL_Driver/Src/stm32wbxx_hal_hsem.o" --specs=nano.specs -mfpu=fpv4-sp-d16 -mfloat-abi=hard -mthumb -o "Drivers/STM32WBxx_HAL_Driver/Src/stm32wbxx_hal_hsem.o"
arm-none-eabi-gcc "../Drivers/STM32WBxx_HAL_Driver/Src/stm32wbxx_hal_i2c.c" -mcpu=cortex-m4 -std=gnu11 -g3 -DDEBUG -DUSE_HAL_DRIVER -DSTM32WB55xx -c -I../Core/Inc -I../Drivers/STM32WBxx_HAL_Driver/Inc -I../Drivers/STM32WBxx_HAL_Driver/Inc/Legacy -I../Drivers/CMSIS/Device/ST/STM32WBxx/Include -I../Drivers/CMSIS/Include -I"C:/Users/Owner/STM32CubeIDE/NCR/NCR_HW_TestCode/Core/LIS2DW12" -I"C:/Users/Owner/STM32CubeIDE/NCR/NCR_HW_TestCode/Core/sht4x" -I"C:/Users/Owner/STM32CubeIDE/NCR/NCR_HW_TestCode/Core/sht2x" -I"C:/Users/Owner/STM32CubeIDE/NCR/NCR_HW_TestCode/Core/PWXModbus" -O0 -ffunction-sections -fdata-sections -Wall -fstack-usage -fcyclomatic-complexity -MMD -MP -MF"Drivers/STM32WBxx_HAL_Driver/Src/stm32wbxx_hal_i2c.d" -MT"Drivers/STM32WBxx_HAL_Driver/Src/stm32wbxx_hal_i2c.o" --specs=nano.specs -mfpu=fpv4-sp-d16 -mfloat-abi=hard -mthumb -o "Drivers/STM32WBxx_HAL_Driver/Src/stm32wbxx_hal_i2c.o"
arm-none-eabi-gcc "../Drivers/STM32WBxx_HAL_Driver/Src/stm32wbxx_hal_i2c_ex.c" -mcpu=cortex-m4 -std=gnu11 -g3 -DDEBUG -DUSE_HAL_DRIVER -DSTM32WB55xx -c -I../Core/Inc -I../Drivers/STM32WBxx_HAL_Driver/Inc -I../Drivers/STM32WBxx_HAL_Driver/Inc/Legacy -I../Drivers/CMSIS/Device/ST/STM32WBxx/Include -I../Drivers/CMSIS/Include -I"C:/Users/Owner/STM32CubeIDE/NCR/NCR_HW_TestCode/Core/LIS2DW12" -I"C:/Users/Owner/STM32CubeIDE/NCR/NCR_HW_TestCode/Core/sht4x" -I"C:/Users/Owner/STM32CubeIDE/NCR/NCR_HW_TestCode/Core/sht2x" -I"C:/Users/Owner/STM32CubeIDE/NCR/NCR_HW_TestCode/Core/PWXModbus" -O0 -ffunction-sections -fdata-sections -Wall -fstack-usage -fcyclomatic-complexity -MMD -MP -MF"Drivers/STM32WBxx_HAL_Driver/Src/stm32wbxx_hal_i2c_ex.d" -MT"Drivers/STM32WBxx_HAL_Driver/Src/stm32wbxx_hal_i2c_ex.o" --specs=nano.specs -mfpu=fpv4-sp-d16 -mfloat-abi=hard -mthumb -o "Drivers/STM32WBxx_HAL_Driver/Src/stm32wbxx_hal_i2c_ex.o"
arm-none-eabi-gcc "../Drivers/STM32WBxx_HAL_Driver/Src/stm32wbxx_hal_iwdg.c" -mcpu=cortex-m4 -std=gnu11 -g3 -DDEBUG -DUSE_HAL_DRIVER -DSTM32WB55xx -c -I../Core/Inc -I../Drivers/STM32WBxx_HAL_Driver/Inc -I../Drivers/STM32WBxx_HAL_Driver/Inc/Legacy -I../Drivers/CMSIS/Device/ST/STM32WBxx/Include -I../Drivers/CMSIS/Include -I"C:/Users/Owner/STM32CubeIDE/NCR/NCR_HW_TestCode/Core/LIS2DW12" -I"C:/Users/Owner/STM32CubeIDE/NCR/NCR_HW_TestCode/Core/sht4x" -I"C:/Users/Owner/STM32CubeIDE/NCR/NCR_HW_TestCode/Core/sht2x" -I"C:/Users/Owner/STM32CubeIDE/NCR/NCR_HW_TestCode/Core/PWXModbus" -O0 -ffunction-sections -fdata-sections -Wall -fstack-usage -fcyclomatic-complexity -MMD -MP -MF"Drivers/STM32WBxx_HAL_Driver/Src/stm32wbxx_hal_iwdg.d" -MT"Drivers/STM32WBxx_HAL_Driver/Src/stm32wbxx_hal_iwdg.o" --specs=nano.specs -mfpu=fpv4-sp-d16 -mfloat-abi=hard -mthumb -o "Drivers/STM32WBxx_HAL_Driver/Src/stm32wbxx_hal_iwdg.o"
arm-none-eabi-gcc "../Drivers/STM32WBxx_HAL_Driver/Src/stm32wbxx_hal_pwr.c" -mcpu=cortex-m4 -std=gnu11 -g3 -DDEBUG -DUSE_HAL_DRIVER -DSTM32WB55xx -c -I../Core/Inc -I../Drivers/STM32WBxx_HAL_Driver/Inc -I../Drivers/STM32WBxx_HAL_Driver/Inc/Legacy -I../Drivers/CMSIS/Device/ST/STM32WBxx/Include -I../Drivers/CMSIS/Include -I"C:/Users/Owner/STM32CubeIDE/NCR/NCR_HW_TestCode/Core/LIS2DW12" -I"C:/Users/Owner/STM32CubeIDE/NCR/NCR_HW_TestCode/Core/sht4x" -I"C:/Users/Owner/STM32CubeIDE/NCR/NCR_HW_TestCode/Core/sht2x" -I"C:/Users/Owner/STM32CubeIDE/NCR/NCR_HW_TestCode/Core/PWXModbus" -O0 -ffunction-sections -fdata-sections -Wall -fstack-usage -fcyclomatic-complexity -MMD -MP -MF"Drivers/STM32WBxx_HAL_Driver/Src/stm32wbxx_hal_pwr.d" -MT"Drivers/STM32WBxx_HAL_Driver/Src/stm32wbxx_hal_pwr.o" --specs=nano.specs -mfpu=fpv4-sp-d16 -mfloat-abi=hard -mthumb -o "Drivers/STM32WBxx_HAL_Driver/Src/stm32wbxx_hal_pwr.o"
arm-none-eabi-gcc "../Drivers/STM32WBxx_HAL_Driver/Src/stm32wbxx_hal_pwr_ex.c" -mcpu=cortex-m4 -std=gnu11 -g3 -DDEBUG -DUSE_HAL_DRIVER -DSTM32WB55xx -c -I../Core/Inc -I../Drivers/STM32WBxx_HAL_Driver/Inc -I../Drivers/STM32WBxx_HAL_Driver/Inc/Legacy -I../Drivers/CMSIS/Device/ST/STM32WBxx/Include -I../Drivers/CMSIS/Include -I"C:/Users/Owner/STM32CubeIDE/NCR/NCR_HW_TestCode/Core/LIS2DW12" -I"C:/Users/Owner/STM32CubeIDE/NCR/NCR_HW_TestCode/Core/sht4x" -I"C:/Users/Owner/STM32CubeIDE/NCR/NCR_HW_TestCode/Core/sht2x" -I"C:/Users/Owner/STM32CubeIDE/NCR/NCR_HW_TestCode/Core/PWXModbus" -O0 -ffunction-sections -fdata-sections -Wall -fstack-usage -fcyclomatic-complexity -MMD -MP -MF"Drivers/STM32WBxx_HAL_Driver/Src/stm32wbxx_hal_pwr_ex.d" -MT"Drivers/STM32WBxx_HAL_Driver/Src/stm32wbxx_hal_pwr_ex.o" --specs=nano.specs -mfpu=fpv4-sp-d16 -mfloat-abi=hard -mthumb -o "Drivers/STM32WBxx_HAL_Driver/Src/stm32wbxx_hal_pwr_ex.o"
arm-none-eabi-gcc "../Drivers/STM32WBxx_HAL_Driver/Src/stm32wbxx_hal_rcc.c" -mcpu=cortex-m4 -std=gnu11 -g3 -DDEBUG -DUSE_HAL_DRIVER -DSTM32WB55xx -c -I../Core/Inc -I../Drivers/STM32WBxx_HAL_Driver/Inc -I../Drivers/STM32WBxx_HAL_Driver/Inc/Legacy -I../Drivers/CMSIS/Device/ST/STM32WBxx/Include -I../Drivers/CMSIS/Include -I"C:/Users/Owner/STM32CubeIDE/NCR/NCR_HW_TestCode/Core/LIS2DW12" -I"C:/Users/Owner/STM32CubeIDE/NCR/NCR_HW_TestCode/Core/sht4x" -I"C:/Users/Owner/STM32CubeIDE/NCR/NCR_HW_TestCode/Core/sht2x" -I"C:/Users/Owner/STM32CubeIDE/NCR/NCR_HW_TestCode/Core/PWXModbus" -O0 -ffunction-sections -fdata-sections -Wall -fstack-usage -fcyclomatic-complexity -MMD -MP -MF"Drivers/STM32WBxx_HAL_Driver/Src/stm32wbxx_hal_rcc.d" -MT"Drivers/STM32WBxx_HAL_Driver/Src/stm32wbxx_hal_rcc.o" --specs=nano.specs -mfpu=fpv4-sp-d16 -mfloat-abi=hard -mthumb -o "Drivers/STM32WBxx_HAL_Driver/Src/stm32wbxx_hal_rcc.o"
arm-none-eabi-gcc "../Drivers/STM32WBxx_HAL_Driver/Src/stm32wbxx_hal_rcc_ex.c" -mcpu=cortex-m4 -std=gnu11 -g3 -DDEBUG -DUSE_HAL_DRIVER -DSTM32WB55xx -c -I../Core/Inc -I../Drivers/STM32WBxx_HAL_Driver/Inc -I../Drivers/STM32WBxx_HAL_Driver/Inc/Legacy -I../Drivers/CMSIS/Device/ST/STM32WBxx/Include -I../Drivers/CMSIS/Include -I"C:/Users/Owner/STM32CubeIDE/NCR/NCR_HW_TestCode/Core/LIS2DW12" -I"C:/Users/Owner/STM32CubeIDE/NCR/NCR_HW_TestCode/Core/sht4x" -I"C:/Users/Owner/STM32CubeIDE/NCR/NCR_HW_TestCode/Core/sht2x" -I"C:/Users/Owner/STM32CubeIDE/NCR/NCR_HW_TestCode/Core/PWXModbus" -O0 -ffunction-sections -fdata-sections -Wall -fstack-usage -fcyclomatic-complexity -MMD -MP -MF"Drivers/STM32WBxx_HAL_Driver/Src/stm32wbxx_hal_rcc_ex.d" -MT"Drivers/STM32WBxx_HAL_Driver/Src/stm32wbxx_hal_rcc_ex.o" --specs=nano.specs -mfpu=fpv4-sp-d16 -mfloat-abi=hard -mthumb -o "Drivers/STM32WBxx_HAL_Driver/Src/stm32wbxx_hal_rcc_ex.o"
arm-none-eabi-gcc "../Drivers/STM32WBxx_HAL_Driver/Src/stm32wbxx_hal_tim.c" -mcpu=cortex-m4 -std=gnu11 -g3 -DDEBUG -DUSE_HAL_DRIVER -DSTM32WB55xx -c -I../Core/Inc -I../Drivers/STM32WBxx_HAL_Driver/Inc -I../Drivers/STM32WBxx_HAL_Driver/Inc/Legacy -I../Drivers/CMSIS/Device/ST/STM32WBxx/Include -I../Drivers/CMSIS/Include -I"C:/Users/Owner/STM32CubeIDE/NCR/NCR_HW_TestCode/Core/LIS2DW12" -I"C:/Users/Owner/STM32CubeIDE/NCR/NCR_HW_TestCode/Core/sht4x" -I"C:/Users/Owner/STM32CubeIDE/NCR/NCR_HW_TestCode/Core/sht2x" -I"C:/Users/Owner/STM32CubeIDE/NCR/NCR_HW_TestCode/Core/PWXModbus" -O0 -ffunction-sections -fdata-sections -Wall -fstack-usage -fcyclomatic-complexity -MMD -MP -MF"Drivers/STM32WBxx_HAL_Driver/Src/stm32wbxx_hal_tim.d" -MT"Drivers/STM32WBxx_HAL_Driver/Src/stm32wbxx_hal_tim.o" --specs=nano.specs -mfpu=fpv4-sp-d16 -mfloat-abi=hard -mthumb -o "Drivers/STM32WBxx_HAL_Driver/Src/stm32wbxx_hal_tim.o"
arm-none-eabi-gcc "../Drivers/STM32WBxx_HAL_Driver/Src/stm32wbxx_hal_tim_ex.c" -mcpu=cortex-m4 -std=gnu11 -g3 -DDEBUG -DUSE_HAL_DRIVER -DSTM32WB55xx -c -I../Core/Inc -I../Drivers/STM32WBxx_HAL_Driver/Inc -I../Drivers/STM32WBxx_HAL_Driver/Inc/Legacy -I../Drivers/CMSIS/Device/ST/STM32WBxx/Include -I../Drivers/CMSIS/Include -I"C:/Users/Owner/STM32CubeIDE/NCR/NCR_HW_TestCode/Core/LIS2DW12" -I"C:/Users/Owner/STM32CubeIDE/NCR/NCR_HW_TestCode/Core/sht4x" -I"C:/Users/Owner/STM32CubeIDE/NCR/NCR_HW_TestCode/Core/sht2x" -I"C:/Users/Owner/STM32CubeIDE/NCR/NCR_HW_TestCode/Core/PWXModbus" -O0 -ffunction-sections -fdata-sections -Wall -fstack-usage -fcyclomatic-complexity -MMD -MP -MF"Drivers/STM32WBxx_HAL_Driver/Src/stm32wbxx_hal_tim_ex.d" -MT"Drivers/STM32WBxx_HAL_Driver/Src/stm32wbxx_hal_tim_ex.o" --specs=nano.specs -mfpu=fpv4-sp-d16 -mfloat-abi=hard -mthumb -o "Drivers/STM32WBxx_HAL_Driver/Src/stm32wbxx_hal_tim_ex.o"
arm-none-eabi-gcc "../Drivers/STM32WBxx_HAL_Driver/Src/stm32wbxx_hal_uart.c" -mcpu=cortex-m4 -std=gnu11 -g3 -DDEBUG -DUSE_HAL_DRIVER -DSTM32WB55xx -c -I../Core/Inc -I../Drivers/STM32WBxx_HAL_Driver/Inc -I../Drivers/STM32WBxx_HAL_Driver/Inc/Legacy -I../Drivers/CMSIS/Device/ST/STM32WBxx/Include -I../Drivers/CMSIS/Include -I"C:/Users/Owner/STM32CubeIDE/NCR/NCR_HW_TestCode/Core/LIS2DW12" -I"C:/Users/Owner/STM32CubeIDE/NCR/NCR_HW_TestCode/Core/sht4x" -I"C:/Users/Owner/STM32CubeIDE/NCR/NCR_HW_TestCode/Core/sht2x" -I"C:/Users/Owner/STM32CubeIDE/NCR/NCR_HW_TestCode/Core/PWXModbus" -O0 -ffunction-sections -fdata-sections -Wall -fstack-usage -fcyclomatic-complexity -MMD -MP -MF"Drivers/STM32WBxx_HAL_Driver/Src/stm32wbxx_hal_uart.d" -MT"Drivers/STM32WBxx_HAL_Driver/Src/stm32wbxx_hal_uart.o" --specs=nano.specs -mfpu=fpv4-sp-d16 -mfloat-abi=hard -mthumb -o "Drivers/STM32WBxx_HAL_Driver/Src/stm32wbxx_hal_uart.o"
arm-none-eabi-gcc "../Drivers/STM32WBxx_HAL_Driver/Src/stm32wbxx_hal_uart_ex.c" -mcpu=cortex-m4 -std=gnu11 -g3 -DDEBUG -DUSE_HAL_DRIVER -DSTM32WB55xx -c -I../Core/Inc -I../Drivers/STM32WBxx_HAL_Driver/Inc -I../Drivers/STM32WBxx_HAL_Driver/Inc/Legacy -I../Drivers/CMSIS/Device/ST/STM32WBxx/Include -I../Drivers/CMSIS/Include -I"C:/Users/Owner/STM32CubeIDE/NCR/NCR_HW_TestCode/Core/LIS2DW12" -I"C:/Users/Owner/STM32CubeIDE/NCR/NCR_HW_TestCode/Core/sht4x" -I"C:/Users/Owner/STM32CubeIDE/NCR/NCR_HW_TestCode/Core/sht2x" -I"C:/Users/Owner/STM32CubeIDE/NCR/NCR_HW_TestCode/Core/PWXModbus" -O0 -ffunction-sections -fdata-sections -Wall -fstack-usage -fcyclomatic-complexity -MMD -MP -MF"Drivers/STM32WBxx_HAL_Driver/Src/stm32wbxx_hal_uart_ex.d" -MT"Drivers/STM32WBxx_HAL_Driver/Src/stm32wbxx_hal_uart_ex.o" --specs=nano.specs -mfpu=fpv4-sp-d16 -mfloat-abi=hard -mthumb -o "Drivers/STM32WBxx_HAL_Driver/Src/stm32wbxx_hal_uart_ex.o"
arm-none-eabi-gcc "../Drivers/STM32WBxx_HAL_Driver/Src/stm32wbxx_ll_rcc.c" -mcpu=cortex-m4 -std=gnu11 -g3 -DDEBUG -DUSE_HAL_DRIVER -DSTM32WB55xx -c -I../Core/Inc -I../Drivers/STM32WBxx_HAL_Driver/Inc -I../Drivers/STM32WBxx_HAL_Driver/Inc/Legacy -I../Drivers/CMSIS/Device/ST/STM32WBxx/Include -I../Drivers/CMSIS/Include -I"C:/Users/Owner/STM32CubeIDE/NCR/NCR_HW_TestCode/Core/LIS2DW12" -I"C:/Users/Owner/STM32CubeIDE/NCR/NCR_HW_TestCode/Core/sht4x" -I"C:/Users/Owner/STM32CubeIDE/NCR/NCR_HW_TestCode/Core/sht2x" -I"C:/Users/Owner/STM32CubeIDE/NCR/NCR_HW_TestCode/Core/PWXModbus" -O0 -ffunction-sections -fdata-sections -Wall -fstack-usage -fcyclomatic-complexity -MMD -MP -MF"Drivers/STM32WBxx_HAL_Driver/Src/stm32wbxx_ll_rcc.d" -MT"Drivers/STM32WBxx_HAL_Driver/Src/stm32wbxx_ll_rcc.o" --specs=nano.specs -mfpu=fpv4-sp-d16 -mfloat-abi=hard -mthumb -o "Drivers/STM32WBxx_HAL_Driver/Src/stm32wbxx_ll_rcc.o"
arm-none-eabi-gcc "../Core/sht4x/sht40.c" -mcpu=cortex-m4 -std=gnu11 -g3 -DDEBUG -DUSE_HAL_DRIVER -DSTM32WB55xx -c -I../Core/Inc -I../Drivers/STM32WBxx_HAL_Driver/Inc -I../Drivers/STM32WBxx_HAL_Driver/Inc/Legacy -I../Drivers/CMSIS/Device/ST/STM32WBxx/Include -I../Drivers/CMSIS/Include -I"C:/Users/Owner/STM32CubeIDE/NCR/NCR_HW_TestCode/Core/LIS2DW12" -I"C:/Users/Owner/STM32CubeIDE/NCR/NCR_HW_TestCode/Core/sht4x" -I"C:/Users/Owner/STM32CubeIDE/NCR/NCR_HW_TestCode/Core/sht2x" -I"C:/Users/Owner/STM32CubeIDE/NCR/NCR_HW_TestCode/Core/PWXModbus" -O0 -ffunction-sections -fdata-sections -Wall -fstack-usage -fcyclomatic-complexity -MMD -MP -MF"Core/sht4x/sht40.d" -MT"Core/sht4x/sht40.o" --specs=nano.specs -mfpu=fpv4-sp-d16 -mfloat-abi=hard -mthumb -o "Core/sht4x/sht40.o"
arm-none-eabi-gcc "../Core/sht2x/sht2x_for_stm32_hal.c" -mcpu=cortex-m4 -std=gnu11 -g3 -DDEBUG -DUSE_HAL_DRIVER -DSTM32WB55xx -c -I../Core/Inc -I../Drivers/STM32WBxx_HAL_Driver/Inc -I../Drivers/STM32WBxx_HAL_Driver/Inc/Legacy -I../Drivers/CMSIS/Device/ST/STM32WBxx/Include -I../Drivers/CMSIS/Include -I"C:/Users/Owner/STM32CubeIDE/NCR/NCR_HW_TestCode/Core/LIS2DW12" -I"C:/Users/Owner/STM32CubeIDE/NCR/NCR_HW_TestCode/Core/sht4x" -I"C:/Users/Owner/STM32CubeIDE/NCR/NCR_HW_TestCode/Core/sht2x" -I"C:/Users/Owner/STM32CubeIDE/NCR/NCR_HW_TestCode/Core/PWXModbus" -O0 -ffunction-sections -fdata-sections -Wall -fstack-usage -fcyclomatic-complexity -MMD -MP -MF"Core/sht2x/sht2x_for_stm32_hal.d" -MT"Core/sht2x/sht2x_for_stm32_hal.o" --specs=nano.specs -mfpu=fpv4-sp-d16 -mfloat-abi=hard -mthumb -o "Core/sht2x/sht2x_for_stm32_hal.o"
arm-none-eabi-gcc -mcpu=cortex-m4 -g3 -DDEBUG -c -x assembler-with-cpp -MMD -MP -MF"Core/Startup/startup_stm32wb55rgvx.d" -MT"Core/Startup/startup_stm32wb55rgvx.o" --specs=nano.specs -mfpu=fpv4-sp-d16 -mfloat-abi=hard -mthumb -o "Core/Startup/startup_stm32wb55rgvx.o" "../Core/Startup/startup_stm32wb55rgvx.s"
arm-none-eabi-gcc "../Core/Src/ads1115.c" -mcpu=cortex-m4 -std=gnu11 -g3 -DDEBUG -DUSE_HAL_DRIVER -DSTM32WB55xx -c -I../Core/Inc -I../Drivers/STM32WBxx_HAL_Driver/Inc -I../Drivers/STM32WBxx_HAL_Driver/Inc/Legacy -I../Drivers/CMSIS/Device/ST/STM32WBxx/Include -I../Drivers/CMSIS/Include -I"C:/Users/Owner/STM32CubeIDE/NCR/NCR_HW_TestCode/Core/LIS2DW12" -I"C:/Users/Owner/STM32CubeIDE/NCR/NCR_HW_TestCode/Core/sht4x" -I"C:/Users/Owner/STM32CubeIDE/NCR/NCR_HW_TestCode/Core/sht2x" -I"C:/Users/Owner/STM32CubeIDE/NCR/NCR_HW_TestCode/Core/PWXModbus" -O0 -ffunction-sections -fdata-sections -Wall -fstack-usage -fcyclomatic-complexity -MMD -MP -MF"Core/Src/ads1115.d" -MT"Core/Src/ads1115.o" --specs=nano.specs -mfpu=fpv4-sp-d16 -mfloat-abi=hard -mthumb -o "Core/Src/ads1115.o"
arm-none-eabi-gcc "../Core/Src/main.c" -mcpu=cortex-m4 -std=gnu11 -g3 -DDEBUG -DUSE_HAL_DRIVER -DSTM32WB55xx -c -I../Core/Inc -I../Drivers/STM32WBxx_HAL_Driver/Inc -I../Drivers/STM32WBxx_HAL_Driver/Inc/Legacy -I../Drivers/CMSIS/Device/ST/STM32WBxx/Include -I../Drivers/CMSIS/Include -I"C:/Users/Owner/STM32CubeIDE/NCR/NCR_HW_TestCode/Core/LIS2DW12" -I"C:/Users/Owner/STM32CubeIDE/NCR/NCR_HW_TestCode/Core/sht4x" -I"C:/Users/Owner/STM32CubeIDE/NCR/NCR_HW_TestCode/Core/sht2x" -I"C:/Users/Owner/STM32CubeIDE/NCR/NCR_HW_TestCode/Core/PWXModbus" -O0 -ffunction-sections -fdata-sections -Wall -fstack-usage -fcyclomatic-complexity -MMD -MP -MF"Core/Src/main.d" -MT"Core/Src/main.o" --specs=nano.specs -mfpu=fpv4-sp-d16 -mfloat-abi=hard -mthumb -o "Core/Src/main.o"
arm-none-eabi-gcc "../Core/Src/stm32wbxx_hal_msp.c" -mcpu=cortex-m4 -std=gnu11 -g3 -DDEBUG -DUSE_HAL_DRIVER -DSTM32WB55xx -c -I../Core/Inc -I../Drivers/STM32WBxx_HAL_Driver/Inc -I../Drivers/STM32WBxx_HAL_Driver/Inc/Legacy -I../Drivers/CMSIS/Device/ST/STM32WBxx/Include -I../Drivers/CMSIS/Include -I"C:/Users/Owner/STM32CubeIDE/NCR/NCR_HW_TestCode/Core/LIS2DW12" -I"C:/Users/Owner/STM32CubeIDE/NCR/NCR_HW_TestCode/Core/sht4x" -I"C:/Users/Owner/STM32CubeIDE/NCR/NCR_HW_TestCode/Core/sht2x" -I"C:/Users/Owner/STM32CubeIDE/NCR/NCR_HW_TestCode/Core/PWXModbus" -O0 -ffunction-sections -fdata-sections -Wall -fstack-usage -fcyclomatic-complexity -MMD -MP -MF"Core/Src/stm32wbxx_hal_msp.d" -MT"Core/Src/stm32wbxx_hal_msp.o" --specs=nano.specs -mfpu=fpv4-sp-d16 -mfloat-abi=hard -mthumb -o "Core/Src/stm32wbxx_hal_msp.o"
arm-none-eabi-gcc "../Core/Src/stm32wbxx_it.c" -mcpu=cortex-m4 -std=gnu11 -g3 -DDEBUG -DUSE_HAL_DRIVER -DSTM32WB55xx -c -I../Core/Inc -I../Drivers/STM32WBxx_HAL_Driver/Inc -I../Drivers/STM32WBxx_HAL_Driver/Inc/Legacy -I../Drivers/CMSIS/Device/ST/STM32WBxx/Include -I../Drivers/CMSIS/Include -I"C:/Users/Owner/STM32CubeIDE/NCR/NCR_HW_TestCode/Core/LIS2DW12" -I"C:/Users/Owner/STM32CubeIDE/NCR/NCR_HW_TestCode/Core/sht4x" -I"C:/Users/Owner/STM32CubeIDE/NCR/NCR_HW_TestCode/Core/sht2x" -I"C:/Users/Owner/STM32CubeIDE/NCR/NCR_HW_TestCode/Core/PWXModbus" -O0 -ffunction-sections -fdata-sections -Wall -fstack-usage -fcyclomatic-complexity -MMD -MP -MF"Core/Src/stm32wbxx_it.d" -MT"Core/Src/stm32wbxx_it.o" --specs=nano.specs -mfpu=fpv4-sp-d16 -mfloat-abi=hard -mthumb -o "Core/Src/stm32wbxx_it.o"
arm-none-eabi-gcc "../Core/Src/syscalls.c" -mcpu=cortex-m4 -std=gnu11 -g3 -DDEBUG -DUSE_HAL_DRIVER -DSTM32WB55xx -c -I../Core/Inc -I../Drivers/STM32WBxx_HAL_Driver/Inc -I../Drivers/STM32WBxx_HAL_Driver/Inc/Legacy -I../Drivers/CMSIS/Device/ST/STM32WBxx/Include -I../Drivers/CMSIS/Include -I"C:/Users/Owner/STM32CubeIDE/NCR/NCR_HW_TestCode/Core/LIS2DW12" -I"C:/Users/Owner/STM32CubeIDE/NCR/NCR_HW_TestCode/Core/sht4x" -I"C:/Users/Owner/STM32CubeIDE/NCR/NCR_HW_TestCode/Core/sht2x" -I"C:/Users/Owner/STM32CubeIDE/NCR/NCR_HW_TestCode/Core/PWXModbus" -O0 -ffunction-sections -fdata-sections -Wall -fstack-usage -fcyclomatic-complexity -MMD -MP -MF"Core/Src/syscalls.d" -MT"Core/Src/syscalls.o" --specs=nano.specs -mfpu=fpv4-sp-d16 -mfloat-abi=hard -mthumb -o "Core/Src/syscalls.o"
arm-none-eabi-gcc "../Core/Src/sysmem.c" -mcpu=cortex-m4 -std=gnu11 -g3 -DDEBUG -DUSE_HAL_DRIVER -DSTM32WB55xx -c -I../Core/Inc -I../Drivers/STM32WBxx_HAL_Driver/Inc -I../Drivers/STM32WBxx_HAL_Driver/Inc/Legacy -I../Drivers/CMSIS/Device/ST/STM32WBxx/Include -I../Drivers/CMSIS/Include -I"C:/Users/Owner/STM32CubeIDE/NCR/NCR_HW_TestCode/Core/LIS2DW12" -I"C:/Users/Owner/STM32CubeIDE/NCR/NCR_HW_TestCode/Core/sht4x" -I"C:/Users/Owner/STM32CubeIDE/NCR/NCR_HW_TestCode/Core/sht2x" -I"C:/Users/Owner/STM32CubeIDE/NCR/NCR_HW_TestCode/Core/PWXModbus" -O0 -ffunction-sections -fdata-sections -Wall -fstack-usage -fcyclomatic-complexity -MMD -MP -MF"Core/Src/sysmem.d" -MT"Core/Src/sysmem.o" --specs=nano.specs -mfpu=fpv4-sp-d16 -mfloat-abi=hard -mthumb -o "Core/Src/sysmem.o"
arm-none-eabi-gcc "../Core/Src/system_stm32wbxx.c" -mcpu=cortex-m4 -std=gnu11 -g3 -DDEBUG -DUSE_HAL_DRIVER -DSTM32WB55xx -c -I../Core/Inc -I../Drivers/STM32WBxx_HAL_Driver/Inc -I../Drivers/STM32WBxx_HAL_Driver/Inc/Legacy -I../Drivers/CMSIS/Device/ST/STM32WBxx/Include -I../Drivers/CMSIS/Include -I"C:/Users/Owner/STM32CubeIDE/NCR/NCR_HW_TestCode/Core/LIS2DW12" -I"C:/Users/Owner/STM32CubeIDE/NCR/NCR_HW_TestCode/Core/sht4x" -I"C:/Users/Owner/STM32CubeIDE/NCR/NCR_HW_TestCode/Core/sht2x" -I"C:/Users/Owner/STM32CubeIDE/NCR/NCR_HW_TestCode/Core/PWXModbus" -O0 -ffunction-sections -fdata-sections -Wall -fstack-usage -fcyclomatic-complexity -MMD -MP -MF"Core/Src/system_stm32wbxx.d" -MT"Core/Src/system_stm32wbxx.o" --specs=nano.specs -mfpu=fpv4-sp-d16 -mfloat-abi=hard -mthumb -o "Core/Src/system_stm32wbxx.o"
arm-none-eabi-gcc "../Core/PWXModbus/PWX_ST50H_Modbus.c" -mcpu=cortex-m4 -std=gnu11 -g3 -DDEBUG -DUSE_HAL_DRIVER -DSTM32WB55xx -c -I../Core/Inc -I../Drivers/STM32WBxx_HAL_Driver/Inc -I../Drivers/STM32WBxx_HAL_Driver/Inc/Legacy -I../Drivers/CMSIS/Device/ST/STM32WBxx/Include -I../Drivers/CMSIS/Include -I"C:/Users/Owner/STM32CubeIDE/NCR/NCR_HW_TestCode/Core/LIS2DW12" -I"C:/Users/Owner/STM32CubeIDE/NCR/NCR_HW_TestCode/Core/sht4x" -I"C:/Users/Owner/STM32CubeIDE/NCR/NCR_HW_TestCode/Core/sht2x" -I"C:/Users/Owner/STM32CubeIDE/NCR/NCR_HW_TestCode/Core/PWXModbus" -O0 -ffunction-sections -fdata-sections -Wall -fstack-usage -fcyclomatic-complexity -MMD -MP -MF"Core/PWXModbus/PWX_ST50H_Modbus.d" -MT"Core/PWXModbus/PWX_ST50H_Modbus.o" --specs=nano.specs -mfpu=fpv4-sp-d16 -mfloat-abi=hard -mthumb -o "Core/PWXModbus/PWX_ST50H_Modbus.o"
arm-none-eabi-gcc "../Core/LIS2DW12/lis2dw12_reg.c" -mcpu=cortex-m4 -std=gnu11 -g3 -DDEBUG -DUSE_HAL_DRIVER -DSTM32WB55xx -c -I../Core/Inc -I../Drivers/STM32WBxx_HAL_Driver/Inc -I../Drivers/STM32WBxx_HAL_Driver/Inc/Legacy -I../Drivers/CMSIS/Device/ST/STM32WBxx/Include -I../Drivers/CMSIS/Include -I"C:/Users/Owner/STM32CubeIDE/NCR/NCR_HW_TestCode/Core/LIS2DW12" -I"C:/Users/Owner/STM32CubeIDE/NCR/NCR_HW_TestCode/Core/sht4x" -I"C:/Users/Owner/STM32CubeIDE/NCR/NCR_HW_TestCode/Core/sht2x" -I"C:/Users/Owner/STM32CubeIDE/NCR/NCR_HW_TestCode/Core/PWXModbus" -O0 -ffunction-sections -fdata-sections -Wall -fstack-usage -fcyclomatic-complexity -MMD -MP -MF"Core/LIS2DW12/lis2dw12_reg.d" -MT"Core/LIS2DW12/lis2dw12_reg.o" --specs=nano.specs -mfpu=fpv4-sp-d16 -mfloat-abi=hard -mthumb -o "Core/LIS2DW12/lis2dw12_reg.o"
arm-none-eabi-gcc -o "NCR_HW_TestCode.elf" @"objects.list"   -mcpu=cortex-m4 -T"C:\Users\Owner\STM32CubeIDE\NCR\NCR_HW_TestCode\STM32WB55RGVX_FLASH.ld" --specs=nosys.specs -Wl,-Map="NCR_HW_TestCode.map" -Wl,--gc-sections -static --specs=nano.specs -mfpu=fpv4-sp-d16 -mfloat-abi=hard -mthumb -u _printf_float -u _scanf_float -Wl,--start-group -lc -lm -Wl,--end-group
Finished building target: NCR_HW_TestCode.elf
 
arm-none-eabi-size   NCR_HW_TestCode.elf 
arm-none-eabi-objdump -h -S  NCR_HW_TestCode.elf  > "NCR_HW_TestCode.list"
arm-none-eabi-objcopy  -O ihex  NCR_HW_TestCode.elf  "NCR_HW_TestCode.hex"
arm-none-eabi-objcopy  -O binary  NCR_HW_TestCode.elf  "NCR_HW_TestCode.bin"
   text	   data	    bss	    dec	    hex	filename
  57300	    500	   2900	  60700	   ed1c	NCR_HW_TestCode.elf
Finished building: default.size.stdout
 
Finished building: NCR_HW_TestCode.bin
Finished building: NCR_HW_TestCode.hex
 
 
Finished building: NCR_HW_TestCode.list
 
